[paraphrasing-tool.com/index.html]
[paraphrasing-tool.com/detroitchicago/boise.js]
[paraphrasing-tool.com/detroitchicago/boiseb5e6.js]
[paraphrasing-tool.com/detroitchicago/memphis.js]
[paraphrasing-tool.com/detroitchicago/memphis75e4.js]
[paraphrasing-tool.com/detroitchicago/minneapolis.js]
[paraphrasing-tool.com/detroitchicago/minneapolisf1d6.js]
[paraphrasing-tool.com/detroitchicago/rochester.js]
[paraphrasing-tool.com/detroitchicago/rochester01c3.js]
[paraphrasing-tool.com/detroitchicago/raleigh.js]
[paraphrasing-tool.com/detroitchicago/raleigh5af5.js]
[paraphrasing-tool.com/detroitchicago/tampa.js]
[paraphrasing-tool.com/detroitchicago/tampaf1d6.js]
[paraphrasing-tool.com/detroitchicago/tulsa.js]
[backblue.gif]
[fade.gif]
[index.html]
[paraphrasing-tool.com/detroitchicago/tulsa5af5.js]
[cdn-0.paraphrasing-tool.com/css/foundation_5.css]
[cdn-0.paraphrasing-tool.com/css/fontawesome/css/font-awesome.min.css]
[use.typekit.net/lkj8lhx.css]
[cdn-0.paraphrasing-tool.com/css/app_5.css]
[paraphrasing-tool.com/favicon-16x16.png]
[paraphrasing-tool.com/favicon-32x32.png]
[paraphrasing-tool.com/favicon-96x96.png]
[ajax.googleapis.com/ajax/libs/angularjs/1.4.1/angular.js]
[connect.facebook.net/en_US/sdk.js]
[newassets.hcaptcha.com/captcha/v1/e5fe6c7/hcaptcha.js]
[www.google-analytics.com/analytics.js]
[cdn-0.paraphrasing-tool.com/js/ad-blocker.js]
[ajax.googleapis.com/ajax/libs/jquery/3.5.1/jquery.min.js]
[paraphrasing-tool.com/NoMoreAds.html]
[cdn-0.paraphrasing-tool.com/js/vendor/foundation.js]
[paraphrasing-tool.com/audins.js]
[go.ezoic.net/detroitchicago/audins23f3.js]
[pixel.quantserve.com/pixel/p-31iz6hfFutd16013d.gif]
[paraphrasing-tool.com/tardisrocinante/vitals.js]
[paraphrasing-tool.com/index.html]
[paraphrasing-tool.com/detroitchicago/grapefruit.gif]
[paraphrasing-tool.com/porpoiseant/army.gif]
[cdn-0.paraphrasing-tool.com/css/foundation_5.css]
[cdn-0.paraphrasing-tool.com/css/fontawesome/css/font-awesome.min.css]
[cdn-0.paraphrasing-tool.com/css/app_5.css]
[paraphrasing-tool.com/tardisrocinante/vitalsc4a9.js]
[use.typekit.net/lkj8lhx.css]
[connect.facebook.net/en_US/sdk.js]
[cdn-0.paraphrasing-tool.com/js/ads.js]
[cdn-0.paraphrasing-tool.com/js/adsbygoogle.js]
[cdn-0.paraphrasing-tool.com/js/showads.js]
[cdn-0.paraphrasing-tool.com/js/ad-blocker.js]
[paraphrasing-tool.com/NoMoreAds.html]
[cdn-0.paraphrasing-tool.com/js/vendor/foundation.js]
[cdn-0.paraphrasing-tool.com/js/app.js]
[p.typekit.net/p61c1.css]
